# help

title w_changes=RAM0     Run totally in RAM 
  configfile /boot/grub/menu.lst

title w_changes=RAM2     Run totally in RAM 
  configfile /boot/grub/menu.lst

title  w_bootfrom	: vmlinuz/initrd.gz location, which might be a dir or a mounted iso (/mnt/iso)
  configfile /boot/grub/menu.lst

title bootfromdir	: like w_bootfrom but always the directory (e.g. even if iso loop being used; then its dir where iso is)
  configfile /boot/grub/menu.lst

title mountfrom		: where layers are mounted from. e.g. w_bootfrom dir or from layers_base/RAM
  configfile /boot/grub/menu.lst

title w_changes		: =""|media or RAM0|RAM1|RAM2 or no_uc0 or no_uc1, path2dir (for detailed comments refer lines 109 on)
  configfile /boot/grub/menu.lst

title w_changes1	: =""|media or RAM0|RAM1|RAM2 or no_uc0 or no_uc1 (only for use when w_changes=path2dir
  configfile /boot/grub/menu.lst

title w_altNN		: alternative/additional location for NNfiles for mounting to the NN overlay layers
  configfile /boot/grub/menu.lst

title w_rmmodule	: Name of module from main list you don't want loaded
  configfile /boot/grub/menu.lst

title w_addmodule	: Name of extra module to load (modprobe)
  configfile /boot/grub/menu.lst

title w_usbwait		: wait seconds for slow devices
  configfile /boot/grub/menu.lst

title w_copy2ram	: is boolean 0(true) or 1(false) to copy all NNsfs, NNdirs, w_rdshN.plug to RAM
  configfile /boot/grub/menu.lst

title w_debug		: Debugging off (boolean 1 means false)
  configfile /boot/grub/menu.lst

title layers_base	: default is /mnt/layers/RAM for (upper_)w_changes=RAM and w_copy2ram storage in tmpfs
  configfile /boot/grub/menu.lst

title uc_rw			: usually for mounting savefile rw
  configfile /boot/grub/menu.lst

title uc_ro			: usually for mounting savefile ro or mount bind savefolder rw
  configfile /boot/grub/menu.lst

title w_00modules	: special option only - specifies 00modules arrangement as either lib or usrlib
  configfile /boot/grub/menu.lst
  
  
